// Jest Snapshot v1, https://goo.gl/fbAQLP

exports[`<MarketOrder /> component matches the snapshot 1`] = `
Array [
  <div
    className="sc-bdVaJa esOmFL"
  >
    <label
      className="sc-htpNat jremZg"
    >
      Shares
    </label>
    <input
      className="sc-bwzfXH iLEVje"
      onChange={[Function]}
      placeholder="0"
      type="number"
    />
  </div>,
  <div
    className="sc-bdVaJa esOmFL"
  >
    <span
      className="sc-EHOje sc-htoDjs hQpjmX"
    >
      Market Price 
      <img
        className="sc-kGXeez eEqXCh"
        src="./questionMark.png"
      />
    </span>
    <span
      className="sc-bZQynM jqZJdg"
    >
      $
    </span>
  </div>,
]
`;
